undo on
graphics mode wireframe



################################################
# Geometry definition
################################################

# The depth isn't used so use a value that looks reasonable visually
#{zsize = 16.0}

#{DY = 0.5}
#{DX = 1.0}


################################################
# Geometry 
################################################

# resistor body
create brick x {DX/2} y {DY} z {zsize}
volume 1 rename "resist1"

# resistor body
create brick x {DX/2} y {DY} z {zsize}
volume 2 rename "resist2"
move vertex 11 location vertex 2

imprint all
merge all

# Move everything to positive coordinate values
move vertex 4 location x 0 y 0 z 0 include_merged

###############################################
## Boundary conditions
################################################

sideset 1 curve 13 
sideset 1 name "right"

sideset 2 curve 3
sideset 2 name "left"


################################################
## Mesh
################################################

#{DX_fine = 0.01}
#{DX_coarse = 0.25}
#{DY_fine = 0.25}

curve 2 scheme bias fine size {DX_fine} coarse size {DX_coarse} start vertex 2
curve 4 scheme bias fine size {DX_fine} coarse size {DX_coarse} start vertex 1
curve 1 3 interval size {DY_fine}
surface 1 scheme map
mesh surface 1

curve 16 scheme bias fine size {DX_fine} coarse size {DX_coarse} start vertex 1
curve 14 scheme bias fine size {DX_fine} coarse size {DX_coarse} start vertex 2
curve 1 13 interval size {DY_fine}
surface 7 scheme map
mesh surface 7


################################################
# Element blocks
################################################

block 1 surface 1 7
block 1 element type quad4
block 1 name "si(1-x)ge(x)"


export mesh 'sige_resist_gauss_msh.exo' dimension 2 overwrite